This file contains any messages produced by compilers while
running configure, to aid debugging if configure makes a mistake.

It was created by mlnx_sai configure 3.0.0000, which was
generated by GNU Autoconf 2.71.  Invocation command line was

  $ ./configure --prefix=/usr --no-create --no-recursion

## --------- ##
## Platform. ##
## --------- ##

hostname = pcm-ismulskyi-u22
uname -m = x86_64
uname -r = 6.14.0-37-generic
uname -s = Linux
uname -v = #37~24.04.1-Ubuntu SMP PREEMPT_DYNAMIC Thu Nov 20 10:25:38 UTC 2

/usr/bin/uname -p = x86_64
/bin/uname -X     = unknown

/bin/arch              = x86_64
/usr/bin/arch -k       = unknown
/usr/convex/getsysinfo = unknown
/usr/bin/hostinfo      = unknown
/bin/machine           = unknown
/usr/bin/oslevel       = unknown
/bin/universe          = unknown

PATH: /usr/local/sbin/
PATH: /usr/local/bin/
PATH: /usr/sbin/
PATH: /usr/bin/
PATH: /sbin/
PATH: /bin/
PATH: /usr/games/
PATH: /usr/local/games/
PATH: /snap/bin/
PATH: /snap/bin/


## ----------- ##
## Core tests. ##
## ----------- ##

configure:2430: looking for aux files: config.guess config.sub ltmain.sh compile missing install-sh
configure:2443:  trying ./config/
configure:2472:   ./config/config.guess found
configure:2472:   ./config/config.sub found
configure:2472:   ./config/ltmain.sh found
configure:2472:   ./config/compile found
configure:2472:   ./config/missing found
configure:2454:   ./config/install-sh found
configure:2615: checking for a BSD-compatible install
configure:2688: result: /usr/bin/install -c
configure:2699: checking whether build environment is sane
configure:2754: result: yes
configure:2913: checking for a race-free mkdir -p
configure:2957: result: /usr/bin/mkdir -p
configure:2964: checking for gawk
configure:2999: result: no
configure:2964: checking for mawk
configure:2985: found /usr/bin/mawk
configure:2996: result: mawk
configure:3007: checking whether make sets $(MAKE)
configure:3030: result: yes
configure:3060: checking whether make supports nested variables
configure:3078: result: yes
configure:3216: checking whether to enable maintainer-specific portions of Makefiles
configure:3226: result: no
configure:3240: checking whether make sets $(MAKE)
configure:3263: result: yes
configure:3274: checking whether ln -s works
configure:3278: result: yes
configure:3347: checking for gcc
configure:3368: found /usr/bin/gcc
configure:3379: result: gcc
configure:3732: checking for C compiler version
configure:3741: gcc --version >&5
gcc (Ubuntu 13.3.0-6ubuntu2~24.04) 13.3.0
Copyright (C) 2023 Free Software Foundation, Inc.
This is free software; see the source for copying conditions.  There is NO
warranty; not even for MERCHANTABILITY or FITNESS FOR A PARTICULAR PURPOSE.

configure:3752: $? = 0
configure:3741: gcc -v >&5
Using built-in specs.
COLLECT_GCC=gcc
COLLECT_LTO_WRAPPER=/usr/libexec/gcc/x86_64-linux-gnu/13/lto-wrapper
OFFLOAD_TARGET_NAMES=nvptx-none:amdgcn-amdhsa
OFFLOAD_TARGET_DEFAULT=1
Target: x86_64-linux-gnu
Configured with: ../src/configure -v --with-pkgversion='Ubuntu 13.3.0-6ubuntu2~24.04' --with-bugurl=file:///usr/share/doc/gcc-13/README.Bugs --enable-languages=c,ada,c++,go,d,fortran,objc,obj-c++,m2 --prefix=/usr --with-gcc-major-version-only --program-suffix=-13 --program-prefix=x86_64-linux-gnu- --enable-shared --enable-linker-build-id --libexecdir=/usr/libexec --without-included-gettext --enable-threads=posix --libdir=/usr/lib --enable-nls --enable-bootstrap --enable-clocale=gnu --enable-libstdcxx-debug --enable-libstdcxx-time=yes --with-default-libstdcxx-abi=new --enable-libstdcxx-backtrace --enable-gnu-unique-object --disable-vtable-verify --enable-plugin --enable-default-pie --with-system-zlib --enable-libphobos-checking=release --with-target-system-zlib=auto --enable-objc-gc=auto --enable-multiarch --disable-werror --enable-cet --with-arch-32=i686 --with-abi=m64 --with-multilib-list=m32,m64,mx32 --enable-multilib --with-tune=generic --enable-offload-targets=nvptx-none=/build/gcc-13-fG75Ri/gcc-13-13.3.0/debian/tmp-nvptx/usr,amdgcn-amdhsa=/build/gcc-13-fG75Ri/gcc-13-13.3.0/debian/tmp-gcn/usr --enable-offload-defaulted --without-cuda-driver --enable-checking=release --build=x86_64-linux-gnu --host=x86_64-linux-gnu --target=x86_64-linux-gnu --with-build-config=bootstrap-lto-lean --enable-link-serialization=2
Thread model: posix
Supported LTO compression algorithms: zlib zstd
gcc version 13.3.0 (Ubuntu 13.3.0-6ubuntu2~24.04) 
... rest of stderr output deleted ...
configure:3752: $? = 0
configure:3741: gcc -V >&5
gcc: error: unrecognized command-line option '-V'
gcc: fatal error: no input files
compilation terminated.
configure:3752: $? = 1
configure:3741: gcc -qversion >&5
gcc: error: unrecognized command-line option '-qversion'; did you mean '--version'?
gcc: fatal error: no input files
compilation terminated.
configure:3752: $? = 1
configure:3741: gcc -version >&5
gcc: error: unrecognized command-line option '-version'
gcc: fatal error: no input files
compilation terminated.
configure:3752: $? = 1
configure:3772: checking whether the C compiler works
configure:3794: gcc    conftest.c  >&5
configure:3798: $? = 0
configure:3848: result: yes
configure:3851: checking for C compiler default output file name
configure:3853: result: a.out
configure:3859: checking for suffix of executables
configure:3866: gcc -o conftest    conftest.c  >&5
configure:3870: $? = 0
configure:3893: result: 
configure:3915: checking whether we are cross compiling
configure:3923: gcc -o conftest    conftest.c  >&5
configure:3927: $? = 0
configure:3934: ./conftest
configure:3938: $? = 0
configure:3953: result: no
configure:3958: checking for suffix of object files
configure:3981: gcc -c   conftest.c >&5
configure:3985: $? = 0
configure:4007: result: o
configure:4011: checking whether the compiler supports GNU C
configure:4031: gcc -c   conftest.c >&5
configure:4031: $? = 0
configure:4041: result: yes
configure:4052: checking whether gcc accepts -g
configure:4073: gcc -c -g  conftest.c >&5
configure:4073: $? = 0
configure:4117: result: yes
configure:4137: checking for gcc option to enable C11 features
configure:4152: gcc  -c -g -O2  conftest.c >&5
configure:4152: $? = 0
configure:4170: result: none needed
configure:4286: checking whether gcc understands -c and -o together
configure:4309: gcc -c conftest.c -o conftest2.o
configure:4312: $? = 0
configure:4309: gcc -c conftest.c -o conftest2.o
configure:4312: $? = 0
configure:4324: result: yes
configure:4344: checking whether make supports the include directive
configure:4359: make -f confmf.GNU && cat confinc.out
make[1]: Entering directory '/home/illiasmulskyi/Documents/hw/SAI/stub'
make[1]: Leaving directory '/home/illiasmulskyi/Documents/hw/SAI/stub'
this is the am__doit target
configure:4362: $? = 0
configure:4381: result: yes (GNU style)
configure:4407: checking dependency style of gcc
configure:4519: result: gcc3
configure:4567: checking build system type
configure:4582: result: x86_64-pc-linux-gnu
configure:4602: checking host system type
configure:4616: result: x86_64-pc-linux-gnu
configure:4657: checking how to print strings
configure:4684: result: printf
configure:4705: checking for a sed that does not truncate output
configure:4775: result: /usr/bin/sed
configure:4793: checking for grep that handles long lines and -e
configure:4857: result: /usr/bin/grep
configure:4862: checking for egrep
configure:4930: result: /usr/bin/grep -E
configure:4935: checking for fgrep
configure:5003: result: /usr/bin/grep -F
configure:5039: checking for ld used by gcc
configure:5107: result: /usr/bin/ld
configure:5114: checking if the linker (/usr/bin/ld) is GNU ld
configure:5130: result: yes
configure:5142: checking for BSD- or MS-compatible name lister (nm)
configure:5197: result: /usr/bin/nm -B
configure:5337: checking the name lister (/usr/bin/nm -B) interface
configure:5345: gcc -c -g -O2  conftest.c >&5
configure:5348: /usr/bin/nm -B "conftest.o"
configure:5351: output
0000000000000000 B some_variable
configure:5358: result: BSD nm
configure:5362: checking the maximum length of command line arguments
configure:5494: result: 1572864
configure:5542: checking how to convert x86_64-pc-linux-gnu file names to x86_64-pc-linux-gnu format
configure:5583: result: func_convert_file_noop
configure:5590: checking how to convert x86_64-pc-linux-gnu file names to toolchain format
configure:5611: result: func_convert_file_noop
configure:5618: checking for /usr/bin/ld option to reload object files
configure:5626: result: -r
configure:5705: checking for file
configure:5726: found /usr/bin/file
configure:5737: result: file
configure:5813: checking for objdump
configure:5834: found /usr/bin/objdump
configure:5845: result: objdump
configure:5877: checking how to recognize dependent libraries
configure:6078: result: pass_all
configure:6168: checking for dlltool
configure:6203: result: no
configure:6233: checking how to associate runtime and link libraries
configure:6261: result: printf %s\n
configure:6327: checking for ar
configure:6348: found /usr/bin/ar
configure:6359: result: ar
configure:6412: checking for archiver @FILE support
configure:6430: gcc -c -g -O2  conftest.c >&5
configure:6430: $? = 0
configure:6434: ar cr libconftest.a @conftest.lst >&5
configure:6437: $? = 0
configure:6442: ar cr libconftest.a @conftest.lst >&5
ar: conftest.o: No such file or directory
configure:6445: $? = 1
configure:6457: result: @
configure:6520: checking for strip
configure:6541: found /usr/bin/strip
configure:6552: result: strip
configure:6629: checking for ranlib
configure:6650: found /usr/bin/ranlib
configure:6661: result: ranlib
configure:6763: checking command to parse /usr/bin/nm -B output from gcc object
configure:6917: gcc -c -g -O2  conftest.c >&5
configure:6920: $? = 0
configure:6924: /usr/bin/nm -B conftest.o | /usr/bin/sed -n -e 's/^.*[	 ]\([ABCDGIRSTW][ABCDGIRSTW]*\)[	 ][	 ]*\([_A-Za-z][_A-Za-z0-9]*\)$/\1 \2 \2/p' | /usr/bin/sed '/ __gnu_lto/d' > conftest.nm
configure:6990: gcc -o conftest -g -O2   conftest.c conftstm.o >&5
configure:6993: $? = 0
configure:7031: result: ok
configure:7078: checking for sysroot
configure:7109: result: no
configure:7116: checking for a working dd
configure:7160: result: /usr/bin/dd
configure:7164: checking how to truncate binary pipes
configure:7180: result: /usr/bin/dd bs=4096 count=1
configure:7317: gcc -c -g -O2  conftest.c >&5
configure:7320: $? = 0
configure:7517: checking for mt
configure:7538: found /usr/bin/mt
configure:7549: result: mt
configure:7572: checking if mt is a manifest tool
configure:7579: mt '-?'
configure:7587: result: no
configure:8312: checking for stdio.h
configure:8312: gcc -c -g -O2  conftest.c >&5
configure:8312: $? = 0
configure:8312: result: yes
configure:8312: checking for stdlib.h
configure:8312: gcc -c -g -O2  conftest.c >&5
configure:8312: $? = 0
configure:8312: result: yes
configure:8312: checking for string.h
configure:8312: gcc -c -g -O2  conftest.c >&5
configure:8312: $? = 0
configure:8312: result: yes
configure:8312: checking for inttypes.h
configure:8312: gcc -c -g -O2  conftest.c >&5
configure:8312: $? = 0
configure:8312: result: yes
configure:8312: checking for stdint.h
configure:8312: gcc -c -g -O2  conftest.c >&5
configure:8312: $? = 0
configure:8312: result: yes
configure:8312: checking for strings.h
configure:8312: gcc -c -g -O2  conftest.c >&5
configure:8312: $? = 0
configure:8312: result: yes
configure:8312: checking for sys/stat.h
configure:8312: gcc -c -g -O2  conftest.c >&5
configure:8312: $? = 0
configure:8312: result: yes
configure:8312: checking for sys/types.h
configure:8312: gcc -c -g -O2  conftest.c >&5
configure:8312: $? = 0
configure:8312: result: yes
configure:8312: checking for unistd.h
configure:8312: gcc -c -g -O2  conftest.c >&5
configure:8312: $? = 0
configure:8312: result: yes
configure:8337: checking for dlfcn.h
configure:8337: gcc -c -g -O2  conftest.c >&5
configure:8337: $? = 0
configure:8337: result: yes
configure:8596: checking for objdir
configure:8612: result: .libs
configure:8872: checking if gcc supports -fno-rtti -fno-exceptions
configure:8891: gcc -c -g -O2  -fno-rtti -fno-exceptions conftest.c >&5
cc1: warning: command-line option '-fno-rtti' is valid for C++/D/ObjC++ but not for C
configure:8895: $? = 0
configure:8908: result: no
configure:9272: checking for gcc option to produce PIC
configure:9280: result: -fPIC -DPIC
configure:9288: checking if gcc PIC flag -fPIC -DPIC works
configure:9307: gcc -c -g -O2  -fPIC -DPIC -DPIC conftest.c >&5
configure:9311: $? = 0
configure:9324: result: yes
configure:9353: checking if gcc static flag -static works
configure:9382: result: yes
configure:9397: checking if gcc supports -c -o file.o
configure:9419: gcc -c -g -O2  -o out/conftest2.o conftest.c >&5
configure:9423: $? = 0
configure:9445: result: yes
configure:9453: checking if gcc supports -c -o file.o
configure:9501: result: yes
configure:9534: checking whether the gcc linker (/usr/bin/ld -m elf_x86_64) supports shared libraries
configure:10808: result: yes
configure:10845: checking whether -lc should be explicitly linked in
configure:10854: gcc -c -g -O2  conftest.c >&5
configure:10857: $? = 0
configure:10872: gcc -shared  -fPIC -DPIC conftest.o  -v -Wl,-soname -Wl,conftest -o conftest 2\>\&1 \| /usr/bin/grep  -lc  \>/dev/null 2\>\&1
configure:10875: $? = 0
configure:10889: result: no
configure:11049: checking dynamic linker characteristics
configure:11631: gcc -o conftest -g -O2   -Wl,-rpath -Wl,/foo conftest.c  >&5
configure:11631: $? = 0
configure:11882: result: GNU/Linux ld.so
configure:12004: checking how to hardcode library paths into programs
configure:12029: result: immediate
configure:12581: checking whether stripping libraries is possible
configure:12590: result: yes
configure:12632: checking if libtool supports shared libraries
configure:12634: result: yes
configure:12637: checking whether to build shared libraries
configure:12662: result: yes
configure:12665: checking whether to build static libraries
configure:12669: result: yes
configure:12710: checking for egrep
configure:12778: result: /usr/bin/grep -E
configure:12784: checking for sys/types.h
configure:12784: result: yes
configure:12790: checking for stdio.h
configure:12790: result: yes
configure:12796: checking for stdlib.h
configure:12796: result: yes
configure:12802: checking for string.h
configure:12802: result: yes
configure:12810: checking for _Bool
configure:12810: gcc -c -g -O2  conftest.c >&5
configure:12810: $? = 0
configure:12810: gcc -c -g -O2  conftest.c >&5
conftest.c: In function 'main':
conftest.c:58:20: error: expected expression before ')' token
   58 | if (sizeof ((_Bool)))
      |                    ^
configure:12810: $? = 1
configure: failed program was:
| /* confdefs.h */
| #define PACKAGE_NAME "mlnx_sai"
| #define PACKAGE_TARNAME "mlnx_sai"
| #define PACKAGE_VERSION "3.0.0000"
| #define PACKAGE_STRING "mlnx_sai 3.0.0000"
| #define PACKAGE_BUGREPORT ""
| #define PACKAGE_URL ""
| #define PACKAGE "mlnx_sai"
| #define VERSION "3.0.0000"
| #define HAVE_STDIO_H 1
| #define HAVE_STDLIB_H 1
| #define HAVE_STRING_H 1
| #define HAVE_INTTYPES_H 1
| #define HAVE_STDINT_H 1
| #define HAVE_STRINGS_H 1
| #define HAVE_SYS_STAT_H 1
| #define HAVE_SYS_TYPES_H 1
| #define HAVE_UNISTD_H 1
| #define STDC_HEADERS 1
| #define HAVE_DLFCN_H 1
| #define LT_OBJDIR ".libs/"
| #define HAVE_SYS_TYPES_H 1
| #define HAVE_STDIO_H 1
| #define HAVE_STDLIB_H 1
| #define HAVE_STRING_H 1
| /* end confdefs.h.  */
| #include <stddef.h>
| #ifdef HAVE_STDIO_H
| # include <stdio.h>
| #endif
| #ifdef HAVE_STDLIB_H
| # include <stdlib.h>
| #endif
| #ifdef HAVE_STRING_H
| # include <string.h>
| #endif
| #ifdef HAVE_INTTYPES_H
| # include <inttypes.h>
| #endif
| #ifdef HAVE_STDINT_H
| # include <stdint.h>
| #endif
| #ifdef HAVE_STRINGS_H
| # include <strings.h>
| #endif
| #ifdef HAVE_SYS_TYPES_H
| # include <sys/types.h>
| #endif
| #ifdef HAVE_SYS_STAT_H
| # include <sys/stat.h>
| #endif
| #ifdef HAVE_UNISTD_H
| # include <unistd.h>
| #endif
| int
| main (void)
| {
| if (sizeof ((_Bool)))
| 	    return 0;
|   ;
|   return 0;
| }
configure:12810: result: yes
configure:12819: checking for stdbool.h that conforms to C99
configure:12935: gcc -c -g -O2  conftest.c >&5
configure:12935: $? = 0
configure:12943: result: yes
configure:12952: checking for an ANSI C-conforming const
configure:13019: gcc -c -g -O2  conftest.c >&5
configure:13019: $? = 0
configure:13027: result: yes
configure:13035: checking for inline
configure:13052: gcc -c -g -O2  conftest.c >&5
configure:13052: $? = 0
configure:13061: result: inline
configure:13256: checking that generated files are newer than configure
configure:13262: result: done
configure:13293: creating ./config.status

## ---------------- ##
## Cache variables. ##
## ---------------- ##

ac_cv_build=x86_64-pc-linux-gnu
ac_cv_c_compiler_gnu=yes
ac_cv_c_const=yes
ac_cv_c_inline=inline
ac_cv_env_CC_set=
ac_cv_env_CC_value=
ac_cv_env_CFLAGS_set=
ac_cv_env_CFLAGS_value=
ac_cv_env_CPPFLAGS_set=
ac_cv_env_CPPFLAGS_value=
ac_cv_env_LDFLAGS_set=
ac_cv_env_LDFLAGS_value=
ac_cv_env_LIBS_set=
ac_cv_env_LIBS_value=
ac_cv_env_LT_SYS_LIBRARY_PATH_set=
ac_cv_env_LT_SYS_LIBRARY_PATH_value=
ac_cv_env_build_alias_set=
ac_cv_env_build_alias_value=
ac_cv_env_host_alias_set=
ac_cv_env_host_alias_value=
ac_cv_env_target_alias_set=
ac_cv_env_target_alias_value=
ac_cv_header_dlfcn_h=yes
ac_cv_header_inttypes_h=yes
ac_cv_header_stdbool_h=yes
ac_cv_header_stdint_h=yes
ac_cv_header_stdio_h=yes
ac_cv_header_stdlib_h=yes
ac_cv_header_string_h=yes
ac_cv_header_strings_h=yes
ac_cv_header_sys_stat_h=yes
ac_cv_header_sys_types_h=yes
ac_cv_header_unistd_h=yes
ac_cv_host=x86_64-pc-linux-gnu
ac_cv_objext=o
ac_cv_path_EGREP='/usr/bin/grep -E'
ac_cv_path_FGREP='/usr/bin/grep -F'
ac_cv_path_GREP=/usr/bin/grep
ac_cv_path_SED=/usr/bin/sed
ac_cv_path_install='/usr/bin/install -c'
ac_cv_path_lt_DD=/usr/bin/dd
ac_cv_path_mkdir=/usr/bin/mkdir
ac_cv_prog_AWK=mawk
ac_cv_prog_ac_ct_AR=ar
ac_cv_prog_ac_ct_CC=gcc
ac_cv_prog_ac_ct_FILECMD=file
ac_cv_prog_ac_ct_MANIFEST_TOOL=mt
ac_cv_prog_ac_ct_OBJDUMP=objdump
ac_cv_prog_ac_ct_RANLIB=ranlib
ac_cv_prog_ac_ct_STRIP=strip
ac_cv_prog_cc_c11=
ac_cv_prog_cc_g=yes
ac_cv_prog_cc_stdc=
ac_cv_prog_make_make_set=yes
ac_cv_type__Bool=yes
am_cv_CC_dependencies_compiler_type=gcc3
am_cv_make_support_nested_variables=yes
am_cv_prog_cc_c_o=yes
lt_cv_ar_at_file=@
lt_cv_archive_cmds_need_lc=no
lt_cv_deplibs_check_method=pass_all
lt_cv_file_magic_cmd='$MAGIC_CMD'
lt_cv_file_magic_test_file=
lt_cv_ld_reload_flag=-r
lt_cv_nm_interface='BSD nm'
lt_cv_objdir=.libs
lt_cv_path_LD=/usr/bin/ld
lt_cv_path_NM='/usr/bin/nm -B'
lt_cv_path_mainfest_tool=no
lt_cv_prog_compiler_c_o=yes
lt_cv_prog_compiler_pic='-fPIC -DPIC'
lt_cv_prog_compiler_pic_works=yes
lt_cv_prog_compiler_rtti_exceptions=no
lt_cv_prog_compiler_static_works=yes
lt_cv_prog_gnu_ld=yes
lt_cv_sharedlib_from_linklib_cmd='printf %s\n'
lt_cv_shlibpath_overrides_runpath=yes
lt_cv_sys_global_symbol_pipe='/usr/bin/sed -n -e '\''s/^.*[	 ]\([ABCDGIRSTW][ABCDGIRSTW]*\)[	 ][	 ]*\([_A-Za-z][_A-Za-z0-9]*\)$/\1 \2 \2/p'\'' | /usr/bin/sed '\''/ __gnu_lto/d'\'''
lt_cv_sys_global_symbol_to_c_name_address='/usr/bin/sed -n -e '\''s/^: \(.*\) .*$/  {"\1", (void *) 0},/p'\'' -e '\''s/^[ABCDGIRSTW][ABCDGIRSTW]* .* \(.*\)$/  {"\1", (void *) \&\1},/p'\'''
lt_cv_sys_global_symbol_to_c_name_address_lib_prefix='/usr/bin/sed -n -e '\''s/^: \(.*\) .*$/  {"\1", (void *) 0},/p'\'' -e '\''s/^[ABCDGIRSTW][ABCDGIRSTW]* .* \(lib.*\)$/  {"\1", (void *) \&\1},/p'\'' -e '\''s/^[ABCDGIRSTW][ABCDGIRSTW]* .* \(.*\)$/  {"lib\1", (void *) \&\1},/p'\'''
lt_cv_sys_global_symbol_to_cdecl='/usr/bin/sed -n -e '\''s/^T .* \(.*\)$/extern int \1();/p'\'' -e '\''s/^[ABCDGIRSTW][ABCDGIRSTW]* .* \(.*\)$/extern char \1;/p'\'''
lt_cv_sys_global_symbol_to_import=
lt_cv_sys_max_cmd_len=1572864
lt_cv_to_host_file_cmd=func_convert_file_noop
lt_cv_to_tool_file_cmd=func_convert_file_noop
lt_cv_truncate_bin='/usr/bin/dd bs=4096 count=1'

## ----------------- ##
## Output variables. ##
## ----------------- ##

ACLOCAL='${SHELL} '\''/home/illiasmulskyi/Documents/hw/SAI/stub/config/missing'\'' aclocal-1.16'
AMDEPBACKSLASH='\'
AMDEP_FALSE='#'
AMDEP_TRUE=''
AMTAR='$${TAR-tar}'
AM_BACKSLASH='\'
AM_DEFAULT_V='$(AM_DEFAULT_VERBOSITY)'
AM_DEFAULT_VERBOSITY='1'
AM_V='$(V)'
APP_LIB_PATH='/usr/local'
AR='ar'
AUTOCONF='${SHELL} '\''/home/illiasmulskyi/Documents/hw/SAI/stub/config/missing'\'' autoconf'
AUTOHEADER='${SHELL} '\''/home/illiasmulskyi/Documents/hw/SAI/stub/config/missing'\'' autoheader'
AUTOMAKE='${SHELL} '\''/home/illiasmulskyi/Documents/hw/SAI/stub/config/missing'\'' automake-1.16'
AWK='mawk'
CC='gcc'
CCDEPMODE='depmode=gcc3'
CFLAGS='-g -O2'
CFLAGS_SAI_INTERFACE_COMMON='-Wall -Wswitch -Wunused -Werror -fPIC -fno-strict-aliasing -Wextra -Wunused -Wno-unused-parameter'
CPPFLAGS=''
CSCOPE='cscope'
CTAGS='ctags'
CYGPATH_W='echo'
DEBUG_FALSE=''
DEBUG_TRUE='#'
DEFS='-DHAVE_CONFIG_H'
DEPDIR='.deps'
DLLTOOL='false'
DSYMUTIL=''
DUMPBIN=''
ECHO_C=''
ECHO_N='-n'
ECHO_T=''
EGREP='/usr/bin/grep -E'
ETAGS='etags'
EXEEXT=''
FGREP='/usr/bin/grep -F'
FILECMD='file'
GREP='/usr/bin/grep'
INSTALL_DATA='${INSTALL} -m 644'
INSTALL_PROGRAM='${INSTALL}'
INSTALL_SCRIPT='${INSTALL}'
INSTALL_STRIP_PROGRAM='$(install_sh) -c -s'
LD='/usr/bin/ld -m elf_x86_64'
LDFLAGS=''
LIBOBJS=''
LIBS=''
LIBTOOL='$(SHELL) $(top_builddir)/libtool'
LIPO=''
LN_S='ln -s'
LTLIBOBJS=''
LT_SYS_LIBRARY_PATH=''
MAINT='#'
MAINTAINER_MODE_FALSE=''
MAINTAINER_MODE_TRUE='#'
MAKEINFO='${SHELL} '\''/home/illiasmulskyi/Documents/hw/SAI/stub/config/missing'\'' makeinfo'
MANIFEST_TOOL=':'
MKDIR_P='/usr/bin/mkdir -p'
NM='/usr/bin/nm -B'
NMEDIT=''
OBJDUMP='objdump'
OBJEXT='o'
OTOOL64=''
OTOOL=''
PACKAGE='mlnx_sai'
PACKAGE_BUGREPORT=''
PACKAGE_NAME='mlnx_sai'
PACKAGE_STRING='mlnx_sai 3.0.0000'
PACKAGE_TARNAME='mlnx_sai'
PACKAGE_URL=''
PACKAGE_VERSION='3.0.0000'
PATH_SEPARATOR=':'
RANLIB='ranlib'
SED='/usr/bin/sed'
SET_MAKE=''
SHELL='/bin/bash'
STRIP='strip'
SXD_LIBS_PATH='/usr/local'
SX_COMPLIB_PATH='/usr/local'
VERSION='3.0.0000'
ac_ct_AR='ar'
ac_ct_CC='gcc'
ac_ct_DUMPBIN=''
am__EXEEXT_FALSE=''
am__EXEEXT_TRUE='#'
am__fastdepCC_FALSE='#'
am__fastdepCC_TRUE=''
am__include='include'
am__isrc=''
am__leading_dot='.'
am__nodep='_no'
am__quote=''
am__tar='$${TAR-tar} chof - "$$tardir"'
am__untar='$${TAR-tar} xf -'
bindir='${exec_prefix}/bin'
build='x86_64-pc-linux-gnu'
build_alias=''
build_cpu='x86_64'
build_os='linux-gnu'
build_vendor='pc'
datadir='${datarootdir}'
datarootdir='${prefix}/share'
docdir='${datarootdir}/doc/${PACKAGE_TARNAME}'
dvidir='${docdir}'
exec_prefix='${prefix}'
host='x86_64-pc-linux-gnu'
host_alias=''
host_cpu='x86_64'
host_os='linux-gnu'
host_vendor='pc'
htmldir='${docdir}'
includedir='${prefix}/include'
infodir='${datarootdir}/info'
install_sh='${SHELL} /home/illiasmulskyi/Documents/hw/SAI/stub/config/install-sh'
libdir='${exec_prefix}/lib'
libexecdir='${exec_prefix}/libexec'
localedir='${datarootdir}/locale'
localstatedir='${prefix}/var'
mandir='${datarootdir}/man'
mkdir_p='$(MKDIR_P)'
oldincludedir='/usr/include'
pdfdir='${docdir}'
prefix='/usr'
program_transform_name='s,x,x,'
psdir='${docdir}'
runstatedir='${localstatedir}/run'
sbindir='${exec_prefix}/sbin'
sharedstatedir='${prefix}/com'
sysconfdir='${prefix}/etc'
target_alias=''

## ----------- ##
## confdefs.h. ##
## ----------- ##

/* confdefs.h */
#define PACKAGE_NAME "mlnx_sai"
#define PACKAGE_TARNAME "mlnx_sai"
#define PACKAGE_VERSION "3.0.0000"
#define PACKAGE_STRING "mlnx_sai 3.0.0000"
#define PACKAGE_BUGREPORT ""
#define PACKAGE_URL ""
#define PACKAGE "mlnx_sai"
#define VERSION "3.0.0000"
#define HAVE_STDIO_H 1
#define HAVE_STDLIB_H 1
#define HAVE_STRING_H 1
#define HAVE_INTTYPES_H 1
#define HAVE_STDINT_H 1
#define HAVE_STRINGS_H 1
#define HAVE_SYS_STAT_H 1
#define HAVE_SYS_TYPES_H 1
#define HAVE_UNISTD_H 1
#define STDC_HEADERS 1
#define HAVE_DLFCN_H 1
#define LT_OBJDIR ".libs/"
#define HAVE_SYS_TYPES_H 1
#define HAVE_STDIO_H 1
#define HAVE_STDLIB_H 1
#define HAVE_STRING_H 1
#define HAVE__BOOL 1
#define HAVE_STDBOOL_H 1

configure: exit 0

## ---------------------- ##
## Running config.status. ##
## ---------------------- ##

This file was extended by mlnx_sai config.status 3.0.0000, which was
generated by GNU Autoconf 2.71.  Invocation command line was

  CONFIG_FILES    = 
  CONFIG_HEADERS  = 
  CONFIG_LINKS    = 
  CONFIG_COMMANDS = 
  $ ./config.status 

on pcm-ismulskyi-u22

config.status:1098: creating Makefile
config.status:1098: creating src/Makefile
config.status:1098: creating config.h
config.status:1279: config.h is unchanged
config.status:1327: executing depfiles commands
config.status:1404: cd src       && sed -e '/# am--include-marker/d' Makefile         | make -f - am--depfiles
make[1]: Entering directory '/home/illiasmulskyi/Documents/hw/SAI/stub/src'
make[1]: Nothing to be done for 'am--depfiles'.
make[1]: Leaving directory '/home/illiasmulskyi/Documents/hw/SAI/stub/src'
config.status:1409: $? = 0
config.status:1327: executing libtool commands
